{"user":{"name":"John","lastname":"Doe"},"server":{"url":"http://someurl.com"}}