{"userfull":{"name":"Jane","lastname":"Doe"},"serverfull":{"url":"https://dev.com"}}