{"userfull":{"name":"John","lastname":"Doe"},"serverfull":{"url":"http://someurl.com"}}